This is TeX, Version 3.14159265 (TeX Live 2017/Debian) (preloaded format=tex 2021.12.14)  20 DEC 2021 14:07
**test.tex \end
(./test.tex)
! Missing $ inserted.
<inserted text> 
                $
<to be read again> 
                   
! Emergency stop.
<inserted text> 
                $
<to be read again> 
                   \end 
<*> test.tex \end
                 
No pages of output.
Transcript written on test.log.
ile on the terminal!

No pages of output.
